C:/Users/user1/Downloads/i-cube_lrwan/STM32CubeExpansion_LRWAN_V2.1.0/Middlewares/Third_Party/LoRaWAN/LmHandler/LmHandler.c:303:24:LmHandlerInit	16	static
C:/Users/user1/Downloads/i-cube_lrwan/STM32CubeExpansion_LRWAN_V2.1.0/Middlewares/Third_Party/LoRaWAN/LmHandler/LmHandler.c:332:24:LmHandlerConfigure	128	static
C:/Users/user1/Downloads/i-cube_lrwan/STM32CubeExpansion_LRWAN_V2.1.0/Middlewares/Third_Party/LoRaWAN/LmHandler/LmHandler.c:433:6:LmHandlerIsBusy	8	static
C:/Users/user1/Downloads/i-cube_lrwan/STM32CubeExpansion_LRWAN_V2.1.0/Middlewares/Third_Party/LoRaWAN/LmHandler/LmHandler.c:453:6:LmHandlerProcess	8	static
C:/Users/user1/Downloads/i-cube_lrwan/STM32CubeExpansion_LRWAN_V2.1.0/Middlewares/Third_Party/LoRaWAN/LmHandler/LmHandler.c:466:6:LmHandlerJoin	72	static
C:/Users/user1/Downloads/i-cube_lrwan/STM32CubeExpansion_LRWAN_V2.1.0/Middlewares/Third_Party/LoRaWAN/LmHandler/LmHandler.c:537:23:LmHandlerJoinStatus	56	static
C:/Users/user1/Downloads/i-cube_lrwan/STM32CubeExpansion_LRWAN_V2.1.0/Middlewares/Third_Party/LoRaWAN/LmHandler/LmHandler.c:562:24:LmHandlerStop	8	static
C:/Users/user1/Downloads/i-cube_lrwan/STM32CubeExpansion_LRWAN_V2.1.0/Middlewares/Third_Party/LoRaWAN/LmHandler/LmHandler.c:574:24:LmHandlerSend	64	static
C:/Users/user1/Downloads/i-cube_lrwan/STM32CubeExpansion_LRWAN_V2.1.0/Middlewares/Third_Party/LoRaWAN/LmHandler/LmHandler.c:670:24:LmHandlerLinkCheckReq	40	static
C:/Users/user1/Downloads/i-cube_lrwan/STM32CubeExpansion_LRWAN_V2.1.0/Middlewares/Third_Party/LoRaWAN/LmHandler/LmHandler.c:689:24:LmHandlerDeviceTimeReq	40	static
C:/Users/user1/Downloads/i-cube_lrwan/STM32CubeExpansion_LRWAN_V2.1.0/Middlewares/Third_Party/LoRaWAN/LmHandler/LmHandler.c:758:24:LmHandlerRequestClass	56	static
C:/Users/user1/Downloads/i-cube_lrwan/STM32CubeExpansion_LRWAN_V2.1.0/Middlewares/Third_Party/LoRaWAN/LmHandler/LmHandler.c:857:24:LmHandlerGetCurrentClass	56	static
C:/Users/user1/Downloads/i-cube_lrwan/STM32CubeExpansion_LRWAN_V2.1.0/Middlewares/Third_Party/LoRaWAN/LmHandler/LmHandler.c:875:24:LmHandlerGetTxDatarate	56	static
C:/Users/user1/Downloads/i-cube_lrwan/STM32CubeExpansion_LRWAN_V2.1.0/Middlewares/Third_Party/LoRaWAN/LmHandler/LmHandler.c:894:24:LmHandlerGetActiveRegion	16	static
C:/Users/user1/Downloads/i-cube_lrwan/STM32CubeExpansion_LRWAN_V2.1.0/Middlewares/Third_Party/LoRaWAN/LmHandler/LmHandler.c:905:31:LmHandlerSetSystemMaxRxError	56	static
C:/Users/user1/Downloads/i-cube_lrwan/STM32CubeExpansion_LRWAN_V2.1.0/Middlewares/Third_Party/LoRaWAN/LmHandler/LmHandler.c:924:13:McpsConfirm	16	static
C:/Users/user1/Downloads/i-cube_lrwan/STM32CubeExpansion_LRWAN_V2.1.0/Middlewares/Third_Party/LoRaWAN/LmHandler/LmHandler.c:939:13:McpsIndication	48	static
C:/Users/user1/Downloads/i-cube_lrwan/STM32CubeExpansion_LRWAN_V2.1.0/Middlewares/Third_Party/LoRaWAN/LmHandler/LmHandler.c:988:13:MlmeConfirm	64	static
C:/Users/user1/Downloads/i-cube_lrwan/STM32CubeExpansion_LRWAN_V2.1.0/Middlewares/Third_Party/LoRaWAN/LmHandler/LmHandler.c:1085:13:MlmeIndication	32	static
C:/Users/user1/Downloads/i-cube_lrwan/STM32CubeExpansion_LRWAN_V2.1.0/Middlewares/Third_Party/LoRaWAN/LmHandler/LmHandler.c:1169:24:LmHandlerPackageRegister	32	static
C:/Users/user1/Downloads/i-cube_lrwan/STM32CubeExpansion_LRWAN_V2.1.0/Middlewares/Third_Party/LoRaWAN/LmHandler/LmHandler.c:1205:13:LmHandlerPackageIsInitialized	16	static
C:/Users/user1/Downloads/i-cube_lrwan/STM32CubeExpansion_LRWAN_V2.1.0/Middlewares/Third_Party/LoRaWAN/LmHandler/LmHandler.c:1217:13:LmHandlerPackagesNotify	24	static
C:/Users/user1/Downloads/i-cube_lrwan/STM32CubeExpansion_LRWAN_V2.1.0/Middlewares/Third_Party/LoRaWAN/LmHandler/LmHandler.c:1260:13:LmHandlerPackagesProcess	16	static
C:/Users/user1/Downloads/i-cube_lrwan/STM32CubeExpansion_LRWAN_V2.1.0/Middlewares/Third_Party/LoRaWAN/LmHandler/LmHandler.c:1273:24:LmHandlerGetDevEUI	56	static
C:/Users/user1/Downloads/i-cube_lrwan/STM32CubeExpansion_LRWAN_V2.1.0/Middlewares/Third_Party/LoRaWAN/LmHandler/LmHandler.c:1290:24:LmHandlerSetDevEUI	56	static
C:/Users/user1/Downloads/i-cube_lrwan/STM32CubeExpansion_LRWAN_V2.1.0/Middlewares/Third_Party/LoRaWAN/LmHandler/LmHandler.c:1316:24:LmHandlerGetAppEUI	56	static
C:/Users/user1/Downloads/i-cube_lrwan/STM32CubeExpansion_LRWAN_V2.1.0/Middlewares/Third_Party/LoRaWAN/LmHandler/LmHandler.c:1334:24:LmHandlerSetAppEUI	56	static
C:/Users/user1/Downloads/i-cube_lrwan/STM32CubeExpansion_LRWAN_V2.1.0/Middlewares/Third_Party/LoRaWAN/LmHandler/LmHandler.c:1356:24:LmHandlerGetNetworkID	56	static
C:/Users/user1/Downloads/i-cube_lrwan/STM32CubeExpansion_LRWAN_V2.1.0/Middlewares/Third_Party/LoRaWAN/LmHandler/LmHandler.c:1374:24:LmHandlerSetNetworkID	56	static
C:/Users/user1/Downloads/i-cube_lrwan/STM32CubeExpansion_LRWAN_V2.1.0/Middlewares/Third_Party/LoRaWAN/LmHandler/LmHandler.c:1396:24:LmHandlerGetDevAddr	56	static
C:/Users/user1/Downloads/i-cube_lrwan/STM32CubeExpansion_LRWAN_V2.1.0/Middlewares/Third_Party/LoRaWAN/LmHandler/LmHandler.c:1414:24:LmHandlerSetDevAddr	56	static
C:/Users/user1/Downloads/i-cube_lrwan/STM32CubeExpansion_LRWAN_V2.1.0/Middlewares/Third_Party/LoRaWAN/LmHandler/LmHandler.c:1440:24:LmHandlerSetActiveRegion	16	static
C:/Users/user1/Downloads/i-cube_lrwan/STM32CubeExpansion_LRWAN_V2.1.0/Middlewares/Third_Party/LoRaWAN/LmHandler/LmHandler.c:1455:24:LmHandlerGetAdrEnable	16	static
C:/Users/user1/Downloads/i-cube_lrwan/STM32CubeExpansion_LRWAN_V2.1.0/Middlewares/Third_Party/LoRaWAN/LmHandler/LmHandler.c:1466:24:LmHandlerSetAdrEnable	56	static
C:/Users/user1/Downloads/i-cube_lrwan/STM32CubeExpansion_LRWAN_V2.1.0/Middlewares/Third_Party/LoRaWAN/LmHandler/LmHandler.c:1480:24:LmHandlerSetTxDatarate	56	static
C:/Users/user1/Downloads/i-cube_lrwan/STM32CubeExpansion_LRWAN_V2.1.0/Middlewares/Third_Party/LoRaWAN/LmHandler/LmHandler.c:1500:24:LmHandlerGetDutyCycleEnable	16	static
C:/Users/user1/Downloads/i-cube_lrwan/STM32CubeExpansion_LRWAN_V2.1.0/Middlewares/Third_Party/LoRaWAN/LmHandler/LmHandler.c:1511:24:LmHandlerSetDutyCycleEnable	16	static
C:/Users/user1/Downloads/i-cube_lrwan/STM32CubeExpansion_LRWAN_V2.1.0/Middlewares/Third_Party/LoRaWAN/LmHandler/LmHandler.c:1519:24:LmHandlerGetRX2Params	56	static
C:/Users/user1/Downloads/i-cube_lrwan/STM32CubeExpansion_LRWAN_V2.1.0/Middlewares/Third_Party/LoRaWAN/LmHandler/LmHandler.c:1539:24:LmHandlerGetTxPower	56	static
C:/Users/user1/Downloads/i-cube_lrwan/STM32CubeExpansion_LRWAN_V2.1.0/Middlewares/Third_Party/LoRaWAN/LmHandler/LmHandler.c:1557:24:LmHandlerGetRx1Delay	56	static
C:/Users/user1/Downloads/i-cube_lrwan/STM32CubeExpansion_LRWAN_V2.1.0/Middlewares/Third_Party/LoRaWAN/LmHandler/LmHandler.c:1575:24:LmHandlerGetRx2Delay	56	static
C:/Users/user1/Downloads/i-cube_lrwan/STM32CubeExpansion_LRWAN_V2.1.0/Middlewares/Third_Party/LoRaWAN/LmHandler/LmHandler.c:1593:24:LmHandlerGetJoinRx1Delay	56	static
C:/Users/user1/Downloads/i-cube_lrwan/STM32CubeExpansion_LRWAN_V2.1.0/Middlewares/Third_Party/LoRaWAN/LmHandler/LmHandler.c:1611:24:LmHandlerGetJoinRx2Delay	56	static
C:/Users/user1/Downloads/i-cube_lrwan/STM32CubeExpansion_LRWAN_V2.1.0/Middlewares/Third_Party/LoRaWAN/LmHandler/LmHandler.c:1629:24:LmHandlerSetTxPower	56	static
C:/Users/user1/Downloads/i-cube_lrwan/STM32CubeExpansion_LRWAN_V2.1.0/Middlewares/Third_Party/LoRaWAN/LmHandler/LmHandler.c:1643:24:LmHandlerSetRX2Params	56	static
C:/Users/user1/Downloads/i-cube_lrwan/STM32CubeExpansion_LRWAN_V2.1.0/Middlewares/Third_Party/LoRaWAN/LmHandler/LmHandler.c:1658:24:LmHandlerSetRx1Delay	56	static
C:/Users/user1/Downloads/i-cube_lrwan/STM32CubeExpansion_LRWAN_V2.1.0/Middlewares/Third_Party/LoRaWAN/LmHandler/LmHandler.c:1671:24:LmHandlerSetRx2Delay	56	static
C:/Users/user1/Downloads/i-cube_lrwan/STM32CubeExpansion_LRWAN_V2.1.0/Middlewares/Third_Party/LoRaWAN/LmHandler/LmHandler.c:1684:24:LmHandlerSetJoinRx1Delay	56	static
C:/Users/user1/Downloads/i-cube_lrwan/STM32CubeExpansion_LRWAN_V2.1.0/Middlewares/Third_Party/LoRaWAN/LmHandler/LmHandler.c:1697:24:LmHandlerSetJoinRx2Delay	56	static
C:/Users/user1/Downloads/i-cube_lrwan/STM32CubeExpansion_LRWAN_V2.1.0/Middlewares/Third_Party/LoRaWAN/LmHandler/LmHandler.c:1710:24:LmHandlerGetPingPeriodicity	16	static
C:/Users/user1/Downloads/i-cube_lrwan/STM32CubeExpansion_LRWAN_V2.1.0/Middlewares/Third_Party/LoRaWAN/LmHandler/LmHandler.c:1725:24:LmHandlerSetPingPeriodicity	16	static
C:/Users/user1/Downloads/i-cube_lrwan/STM32CubeExpansion_LRWAN_V2.1.0/Middlewares/Third_Party/LoRaWAN/LmHandler/LmHandler.c:1744:24:LmHandlerGetBeaconState	16	static
C:/Users/user1/Downloads/i-cube_lrwan/STM32CubeExpansion_LRWAN_V2.1.0/Middlewares/Third_Party/LoRaWAN/LmHandler/LmHandler.c:1766:24:LmHandlerGetNwkKey	24	static
C:/Users/user1/Downloads/i-cube_lrwan/STM32CubeExpansion_LRWAN_V2.1.0/Middlewares/Third_Party/LoRaWAN/LmHandler/LmHandler.c:1782:24:LmHandlerSetNwkKey	56	static
C:/Users/user1/Downloads/i-cube_lrwan/STM32CubeExpansion_LRWAN_V2.1.0/Middlewares/Third_Party/LoRaWAN/LmHandler/LmHandler.c:1803:24:LmHandlerGetAppKey	24	static
C:/Users/user1/Downloads/i-cube_lrwan/STM32CubeExpansion_LRWAN_V2.1.0/Middlewares/Third_Party/LoRaWAN/LmHandler/LmHandler.c:1819:24:LmHandlerSetAppKey	56	static
C:/Users/user1/Downloads/i-cube_lrwan/STM32CubeExpansion_LRWAN_V2.1.0/Middlewares/Third_Party/LoRaWAN/LmHandler/LmHandler.c:1840:24:LmHandlerGetNwkSKey	24	static
C:/Users/user1/Downloads/i-cube_lrwan/STM32CubeExpansion_LRWAN_V2.1.0/Middlewares/Third_Party/LoRaWAN/LmHandler/LmHandler.c:1856:24:LmHandlerSetNwkSKey	56	static
C:/Users/user1/Downloads/i-cube_lrwan/STM32CubeExpansion_LRWAN_V2.1.0/Middlewares/Third_Party/LoRaWAN/LmHandler/LmHandler.c:1878:24:LmHandlerGetAppSKey	24	static
C:/Users/user1/Downloads/i-cube_lrwan/STM32CubeExpansion_LRWAN_V2.1.0/Middlewares/Third_Party/LoRaWAN/LmHandler/LmHandler.c:1894:24:LmHandlerSetAppSKey	56	static
C:/Users/user1/Downloads/i-cube_lrwan/STM32CubeExpansion_LRWAN_V2.1.0/Middlewares/Third_Party/LoRaWAN/LmHandler/LmHandler.c:1916:13:DisplayClassUpdate	24	static
