C:/Users/user1/Downloads/i-cube_lrwan/STM32CubeExpansion_LRWAN_V2.1.0/Middlewares/Third_Party/LoRaWAN/LmHandler/Packages/LmhpCompliance.c:190:15:LmhpCompliancePackageFactory	8	static
C:/Users/user1/Downloads/i-cube_lrwan/STM32CubeExpansion_LRWAN_V2.1.0/Middlewares/Third_Party/LoRaWAN/LmHandler/Packages/LmhpCompliance.c:195:13:LmhpComplianceInit	24	static
C:/Users/user1/Downloads/i-cube_lrwan/STM32CubeExpansion_LRWAN_V2.1.0/Middlewares/Third_Party/LoRaWAN/LmHandler/Packages/LmhpCompliance.c:211:13:LmhpComplianceIsInitialized	8	static
C:/Users/user1/Downloads/i-cube_lrwan/STM32CubeExpansion_LRWAN_V2.1.0/Middlewares/Third_Party/LoRaWAN/LmHandler/Packages/LmhpCompliance.c:216:13:LmhpComplianceIsRunning	8	static
C:/Users/user1/Downloads/i-cube_lrwan/STM32CubeExpansion_LRWAN_V2.1.0/Middlewares/Third_Party/LoRaWAN/LmHandler/Packages/LmhpCompliance.c:226:13:LmhpComplianceOnMcpsConfirm	16	static
C:/Users/user1/Downloads/i-cube_lrwan/STM32CubeExpansion_LRWAN_V2.1.0/Middlewares/Third_Party/LoRaWAN/LmHandler/Packages/LmhpCompliance.c:242:13:LmhpComplianceOnMlmeConfirm	16	static
C:/Users/user1/Downloads/i-cube_lrwan/STM32CubeExpansion_LRWAN_V2.1.0/Middlewares/Third_Party/LoRaWAN/LmHandler/Packages/LmhpCompliance.c:262:31:LmhpComplianceTxProcess	24	static
C:/Users/user1/Downloads/i-cube_lrwan/STM32CubeExpansion_LRWAN_V2.1.0/Middlewares/Third_Party/LoRaWAN/LmHandler/Packages/LmhpCompliance.c:311:13:LmhpComplianceOnMcpsIndication	144	static
C:/Users/user1/Downloads/i-cube_lrwan/STM32CubeExpansion_LRWAN_V2.1.0/Middlewares/Third_Party/LoRaWAN/LmHandler/Packages/LmhpCompliance.c:521:13:LmhpComplianceProcess	8	static
C:/Users/user1/Downloads/i-cube_lrwan/STM32CubeExpansion_LRWAN_V2.1.0/Middlewares/Third_Party/LoRaWAN/LmHandler/Packages/LmhpCompliance.c:526:13:OnComplianceTxNextPacketTimerEvent	16	static
