../Middlewares/LoRaWAN/Utilities/stm32_lpm.c:122:6:UTIL_LPM_Init	8	static
../Middlewares/LoRaWAN/Utilities/stm32_lpm.c:129:6:UTIL_LPM_DeInit	8	static
../Middlewares/LoRaWAN/Utilities/stm32_lpm.c:133:6:UTIL_LPM_SetStopMode	32	static,ignoring_inline_asm
../Middlewares/LoRaWAN/Utilities/stm32_lpm.c:158:6:UTIL_LPM_SetOffMode	32	static,ignoring_inline_asm
../Middlewares/LoRaWAN/Utilities/stm32_lpm.c:183:17:UTIL_LPM_GetMode	24	static,ignoring_inline_asm
../Middlewares/LoRaWAN/Utilities/stm32_lpm.c:216:6:UTIL_LPM_EnterLowPower	24	static,ignoring_inline_asm
