../Middlewares/LoRaWAN/Utilities/stm32_seq.c:182:6:UTIL_SEQ_Init	8	static
../Middlewares/LoRaWAN/Utilities/stm32_seq.c:195:6:UTIL_SEQ_DeInit	8	static
../Middlewares/LoRaWAN/Utilities/stm32_seq.c:204:6:UTIL_SEQ_Run	56	static,ignoring_inline_asm
../Middlewares/LoRaWAN/Utilities/stm32_seq.c:297:6:UTIL_SEQ_RegTask	40	static,ignoring_inline_asm
../Middlewares/LoRaWAN/Utilities/stm32_seq.c:308:6:UTIL_SEQ_SetTask	32	static,ignoring_inline_asm
../Middlewares/LoRaWAN/Utilities/stm32_seq.c:320:10:UTIL_SEQ_IsSchedulableTask	32	static,ignoring_inline_asm
../Middlewares/LoRaWAN/Utilities/stm32_seq.c:331:6:UTIL_SEQ_PauseTask	32	static,ignoring_inline_asm
../Middlewares/LoRaWAN/Utilities/stm32_seq.c:342:10:UTIL_SEQ_IsPauseTask	32	static,ignoring_inline_asm
../Middlewares/LoRaWAN/Utilities/stm32_seq.c:353:6:UTIL_SEQ_ResumeTask	32	static,ignoring_inline_asm
../Middlewares/LoRaWAN/Utilities/stm32_seq.c:364:6:UTIL_SEQ_SetEvt	32	static,ignoring_inline_asm
../Middlewares/LoRaWAN/Utilities/stm32_seq.c:375:6:UTIL_SEQ_ClrEvt	32	static,ignoring_inline_asm
../Middlewares/LoRaWAN/Utilities/stm32_seq.c:386:6:UTIL_SEQ_WaitEvt	32	static
../Middlewares/LoRaWAN/Utilities/stm32_seq.c:433:15:UTIL_SEQ_IsEvtPend	8	static
../Middlewares/LoRaWAN/Utilities/stm32_seq.c:438:13:UTIL_SEQ_EvtIdle	16	static
../Middlewares/LoRaWAN/Utilities/stm32_seq.c:444:13:UTIL_SEQ_Idle	8	static
../Middlewares/LoRaWAN/Utilities/stm32_seq.c:449:13:UTIL_SEQ_PreIdle	8	static
../Middlewares/LoRaWAN/Utilities/stm32_seq.c:457:13:UTIL_SEQ_PostIdle	8	static
../Middlewares/LoRaWAN/Utilities/stm32_seq.c:480:9:SEQ_BitPosition	24	static
