C:/Users/user1/Downloads/i-cube_lrwan/STM32CubeExpansion_LRWAN_V2.1.0/Middlewares/Third_Party/LoRaWAN/Mac/LoRaMacClassB.c:618:6:LoRaMacClassBInit	24	static
C:/Users/user1/Downloads/i-cube_lrwan/STM32CubeExpansion_LRWAN_V2.1.0/Middlewares/Third_Party/LoRaWAN/Mac/LoRaMacClassB.c:644:6:LoRaMacClassBSetBeaconState	16	static
C:/Users/user1/Downloads/i-cube_lrwan/STM32CubeExpansion_LRWAN_V2.1.0/Middlewares/Third_Party/LoRaWAN/Mac/LoRaMacClassB.c:672:6:LoRaMacClassBSetPingSlotState	16	static
C:/Users/user1/Downloads/i-cube_lrwan/STM32CubeExpansion_LRWAN_V2.1.0/Middlewares/Third_Party/LoRaWAN/Mac/LoRaMacClassB.c:679:6:LoRaMacClassBSetMulticastSlotState	16	static
C:/Users/user1/Downloads/i-cube_lrwan/STM32CubeExpansion_LRWAN_V2.1.0/Middlewares/Third_Party/LoRaWAN/Mac/LoRaMacClassB.c:686:6:LoRaMacClassBIsAcquisitionInProgress	8	static
C:/Users/user1/Downloads/i-cube_lrwan/STM32CubeExpansion_LRWAN_V2.1.0/Middlewares/Third_Party/LoRaWAN/Mac/LoRaMacClassB.c:707:6:LoRaMacClassBBeaconTimerEvent	16	static
C:/Users/user1/Downloads/i-cube_lrwan/STM32CubeExpansion_LRWAN_V2.1.0/Middlewares/Third_Party/LoRaWAN/Mac/LoRaMacClassB.c:971:6:LoRaMacClassBPingSlotTimerEvent	16	static
C:/Users/user1/Downloads/i-cube_lrwan/STM32CubeExpansion_LRWAN_V2.1.0/Middlewares/Third_Party/LoRaWAN/Mac/LoRaMacClassB.c:1082:6:LoRaMacClassBMulticastSlotTimerEvent	16	static
C:/Users/user1/Downloads/i-cube_lrwan/STM32CubeExpansion_LRWAN_V2.1.0/Middlewares/Third_Party/LoRaWAN/Mac/LoRaMacClassB.c:1238:6:LoRaMacClassBRxBeacon	16	static
C:/Users/user1/Downloads/i-cube_lrwan/STM32CubeExpansion_LRWAN_V2.1.0/Middlewares/Third_Party/LoRaWAN/Mac/LoRaMacClassB.c:1354:6:LoRaMacClassBIsBeaconExpected	8	static
C:/Users/user1/Downloads/i-cube_lrwan/STM32CubeExpansion_LRWAN_V2.1.0/Middlewares/Third_Party/LoRaWAN/Mac/LoRaMacClassB.c:1368:6:LoRaMacClassBIsPingExpected	8	static
C:/Users/user1/Downloads/i-cube_lrwan/STM32CubeExpansion_LRWAN_V2.1.0/Middlewares/Third_Party/LoRaWAN/Mac/LoRaMacClassB.c:1381:6:LoRaMacClassBIsMulticastExpected	8	static
C:/Users/user1/Downloads/i-cube_lrwan/STM32CubeExpansion_LRWAN_V2.1.0/Middlewares/Third_Party/LoRaWAN/Mac/LoRaMacClassB.c:1394:6:LoRaMacClassBIsAcquisitionPending	8	static
C:/Users/user1/Downloads/i-cube_lrwan/STM32CubeExpansion_LRWAN_V2.1.0/Middlewares/Third_Party/LoRaWAN/Mac/LoRaMacClassB.c:1407:6:LoRaMacClassBIsBeaconModeActive	8	static
C:/Users/user1/Downloads/i-cube_lrwan/STM32CubeExpansion_LRWAN_V2.1.0/Middlewares/Third_Party/LoRaWAN/Mac/LoRaMacClassB.c:1421:6:LoRaMacClassBSetPingSlotInfo	16	static
C:/Users/user1/Downloads/i-cube_lrwan/STM32CubeExpansion_LRWAN_V2.1.0/Middlewares/Third_Party/LoRaWAN/Mac/LoRaMacClassB.c:1429:6:LoRaMacClassBHaltBeaconing	8	static
C:/Users/user1/Downloads/i-cube_lrwan/STM32CubeExpansion_LRWAN_V2.1.0/Middlewares/Third_Party/LoRaWAN/Mac/LoRaMacClassB.c:1457:6:LoRaMacClassBResumeBeaconing	8	static
C:/Users/user1/Downloads/i-cube_lrwan/STM32CubeExpansion_LRWAN_V2.1.0/Middlewares/Third_Party/LoRaWAN/Mac/LoRaMacClassB.c:1478:17:LoRaMacClassBSwitchClass	16	static
C:/Users/user1/Downloads/i-cube_lrwan/STM32CubeExpansion_LRWAN_V2.1.0/Middlewares/Third_Party/LoRaWAN/Mac/LoRaMacClassB.c:1503:17:LoRaMacClassBMibGetRequestConfirm	16	static
C:/Users/user1/Downloads/i-cube_lrwan/STM32CubeExpansion_LRWAN_V2.1.0/Middlewares/Third_Party/LoRaWAN/Mac/LoRaMacClassB.c:1532:17:LoRaMacMibClassBSetRequestConfirm	16	static
C:/Users/user1/Downloads/i-cube_lrwan/STM32CubeExpansion_LRWAN_V2.1.0/Middlewares/Third_Party/LoRaWAN/Mac/LoRaMacClassB.c:1556:6:LoRaMacClassBPingSlotInfoAns	8	static
C:/Users/user1/Downloads/i-cube_lrwan/STM32CubeExpansion_LRWAN_V2.1.0/Middlewares/Third_Party/LoRaWAN/Mac/LoRaMacClassB.c:1567:9:LoRaMacClassBPingSlotChannelReq	16	static
C:/Users/user1/Downloads/i-cube_lrwan/STM32CubeExpansion_LRWAN_V2.1.0/Middlewares/Third_Party/LoRaWAN/Mac/LoRaMacClassB.c:1613:6:LoRaMacClassBBeaconTimingAns	16	static
C:/Users/user1/Downloads/i-cube_lrwan/STM32CubeExpansion_LRWAN_V2.1.0/Middlewares/Third_Party/LoRaWAN/Mac/LoRaMacClassB.c:1642:6:LoRaMacClassBDeviceTimeAns	8	static
C:/Users/user1/Downloads/i-cube_lrwan/STM32CubeExpansion_LRWAN_V2.1.0/Middlewares/Third_Party/LoRaWAN/Mac/LoRaMacClassB.c:1678:6:LoRaMacClassBBeaconFreqReq	16	static
C:/Users/user1/Downloads/i-cube_lrwan/STM32CubeExpansion_LRWAN_V2.1.0/Middlewares/Third_Party/LoRaWAN/Mac/LoRaMacClassB.c:1705:13:LoRaMacClassBIsUplinkCollision	16	static
C:/Users/user1/Downloads/i-cube_lrwan/STM32CubeExpansion_LRWAN_V2.1.0/Middlewares/Third_Party/LoRaWAN/Mac/LoRaMacClassB.c:1729:6:LoRaMacClassBStopRxSlots	8	static
C:/Users/user1/Downloads/i-cube_lrwan/STM32CubeExpansion_LRWAN_V2.1.0/Middlewares/Third_Party/LoRaWAN/Mac/LoRaMacClassB.c:1742:6:LoRaMacClassBStartRxSlots	8	static
C:/Users/user1/Downloads/i-cube_lrwan/STM32CubeExpansion_LRWAN_V2.1.0/Middlewares/Third_Party/LoRaWAN/Mac/LoRaMacClassB.c:1758:6:LoRaMacClassBSetMulticastPeriodicity	16	static
C:/Users/user1/Downloads/i-cube_lrwan/STM32CubeExpansion_LRWAN_V2.1.0/Middlewares/Third_Party/LoRaWAN/Mac/LoRaMacClassB.c:1769:6:LoRaMacClassBProcess	8	static
