C:/Users/user1/Downloads/i-cube_lrwan/STM32CubeExpansion_LRWAN_V2.1.0/Middlewares/Third_Party/LoRaWAN/Mac/LoRaMac.c:679:13:OnRadioTxDone	24	static
C:/Users/user1/Downloads/i-cube_lrwan/STM32CubeExpansion_LRWAN_V2.1.0/Middlewares/Third_Party/LoRaWAN/Mac/LoRaMac.c:693:13:OnRadioRxDone	32	static
C:/Users/user1/Downloads/i-cube_lrwan/STM32CubeExpansion_LRWAN_V2.1.0/Middlewares/Third_Party/LoRaWAN/Mac/LoRaMac.c:710:13:OnRadioTxTimeout	8	static
C:/Users/user1/Downloads/i-cube_lrwan/STM32CubeExpansion_LRWAN_V2.1.0/Middlewares/Third_Party/LoRaWAN/Mac/LoRaMac.c:721:13:OnRadioRxError	8	static
C:/Users/user1/Downloads/i-cube_lrwan/STM32CubeExpansion_LRWAN_V2.1.0/Middlewares/Third_Party/LoRaWAN/Mac/LoRaMac.c:731:13:OnRadioRxTimeout	8	static
C:/Users/user1/Downloads/i-cube_lrwan/STM32CubeExpansion_LRWAN_V2.1.0/Middlewares/Third_Party/LoRaWAN/Mac/LoRaMac.c:742:13:UpdateRxSlotIdleState	8	static
C:/Users/user1/Downloads/i-cube_lrwan/STM32CubeExpansion_LRWAN_V2.1.0/Middlewares/Third_Party/LoRaWAN/Mac/LoRaMac.c:754:13:ProcessRadioTxDone	80	static
C:/Users/user1/Downloads/i-cube_lrwan/STM32CubeExpansion_LRWAN_V2.1.0/Middlewares/Third_Party/LoRaWAN/Mac/LoRaMac.c:800:13:PrepareRxDoneAbort	8	static
C:/Users/user1/Downloads/i-cube_lrwan/STM32CubeExpansion_LRWAN_V2.1.0/Middlewares/Third_Party/LoRaWAN/Mac/LoRaMac.c:815:13:ProcessRadioRxDone	176	static
C:/Users/user1/Downloads/i-cube_lrwan/STM32CubeExpansion_LRWAN_V2.1.0/Middlewares/Third_Party/LoRaWAN/Mac/LoRaMac.c:1233:13:ProcessRadioTxTimeout	8	static
C:/Users/user1/Downloads/i-cube_lrwan/STM32CubeExpansion_LRWAN_V2.1.0/Middlewares/Third_Party/LoRaWAN/Mac/LoRaMac.c:1250:13:HandleRadioRxErrorTimeout	24	static
C:/Users/user1/Downloads/i-cube_lrwan/STM32CubeExpansion_LRWAN_V2.1.0/Middlewares/Third_Party/LoRaWAN/Mac/LoRaMac.c:1315:13:ProcessRadioRxError	8	static
C:/Users/user1/Downloads/i-cube_lrwan/STM32CubeExpansion_LRWAN_V2.1.0/Middlewares/Third_Party/LoRaWAN/Mac/LoRaMac.c:1320:13:ProcessRadioRxTimeout	8	static
C:/Users/user1/Downloads/i-cube_lrwan/STM32CubeExpansion_LRWAN_V2.1.0/Middlewares/Third_Party/LoRaWAN/Mac/LoRaMac.c:1325:13:LoRaMacHandleIrqEvents	24	static,ignoring_inline_asm
C:/Users/user1/Downloads/i-cube_lrwan/STM32CubeExpansion_LRWAN_V2.1.0/Middlewares/Third_Party/LoRaWAN/Mac/LoRaMac.c:1359:6:LoRaMacIsBusy	8	static
C:/Users/user1/Downloads/i-cube_lrwan/STM32CubeExpansion_LRWAN_V2.1.0/Middlewares/Third_Party/LoRaWAN/Mac/LoRaMac.c:1370:13:LoRaMacEnableRequests	16	static
C:/Users/user1/Downloads/i-cube_lrwan/STM32CubeExpansion_LRWAN_V2.1.0/Middlewares/Third_Party/LoRaWAN/Mac/LoRaMac.c:1375:13:LoRaMacHandleRequestEvents	16	static
C:/Users/user1/Downloads/i-cube_lrwan/STM32CubeExpansion_LRWAN_V2.1.0/Middlewares/Third_Party/LoRaWAN/Mac/LoRaMac.c:1419:13:LoRaMacHandleScheduleUplinkEvent	16	static
C:/Users/user1/Downloads/i-cube_lrwan/STM32CubeExpansion_LRWAN_V2.1.0/Middlewares/Third_Party/LoRaWAN/Mac/LoRaMac.c:1434:13:LoRaMacHandleIndicationEvents	40	static
C:/Users/user1/Downloads/i-cube_lrwan/STM32CubeExpansion_LRWAN_V2.1.0/Middlewares/Third_Party/LoRaWAN/Mac/LoRaMac.c:1461:13:LoRaMacHandleMcpsRequest	24	static
C:/Users/user1/Downloads/i-cube_lrwan/STM32CubeExpansion_LRWAN_V2.1.0/Middlewares/Third_Party/LoRaWAN/Mac/LoRaMac.c:1515:13:LoRaMacHandleMlmeRequest	8	static
C:/Users/user1/Downloads/i-cube_lrwan/STM32CubeExpansion_LRWAN_V2.1.0/Middlewares/Third_Party/LoRaWAN/Mac/LoRaMac.c:1536:16:LoRaMacCheckForBeaconAcquisition	8	static
C:/Users/user1/Downloads/i-cube_lrwan/STM32CubeExpansion_LRWAN_V2.1.0/Middlewares/Third_Party/LoRaWAN/Mac/LoRaMac.c:1550:13:LoRaMacCheckForRxAbort	8	static
C:/Users/user1/Downloads/i-cube_lrwan/STM32CubeExpansion_LRWAN_V2.1.0/Middlewares/Third_Party/LoRaWAN/Mac/LoRaMac.c:1560:13:LoRaMacHandleNvm	32	static
C:/Users/user1/Downloads/i-cube_lrwan/STM32CubeExpansion_LRWAN_V2.1.0/Middlewares/Third_Party/LoRaWAN/Mac/LoRaMac.c:1636:6:LoRaMacProcess	16	static
C:/Users/user1/Downloads/i-cube_lrwan/STM32CubeExpansion_LRWAN_V2.1.0/Middlewares/Third_Party/LoRaWAN/Mac/LoRaMac.c:1672:13:OnTxDelayedTimerEvent	16	static
C:/Users/user1/Downloads/i-cube_lrwan/STM32CubeExpansion_LRWAN_V2.1.0/Middlewares/Third_Party/LoRaWAN/Mac/LoRaMac.c:1698:13:OnRxWindow1TimerEvent	16	static
C:/Users/user1/Downloads/i-cube_lrwan/STM32CubeExpansion_LRWAN_V2.1.0/Middlewares/Third_Party/LoRaWAN/Mac/LoRaMac.c:1710:13:OnRxWindow2TimerEvent	16	static
C:/Users/user1/Downloads/i-cube_lrwan/STM32CubeExpansion_LRWAN_V2.1.0/Middlewares/Third_Party/LoRaWAN/Mac/LoRaMac.c:1728:13:OnAckTimeoutTimerEvent	16	static
C:/Users/user1/Downloads/i-cube_lrwan/STM32CubeExpansion_LRWAN_V2.1.0/Middlewares/Third_Party/LoRaWAN/Mac/LoRaMac.c:1746:30:GetFCntDown	32	static
C:/Users/user1/Downloads/i-cube_lrwan/STM32CubeExpansion_LRWAN_V2.1.0/Middlewares/Third_Party/LoRaWAN/Mac/LoRaMac.c:1804:24:SwitchClass	32	static
C:/Users/user1/Downloads/i-cube_lrwan/STM32CubeExpansion_LRWAN_V2.1.0/Middlewares/Third_Party/LoRaWAN/Mac/LoRaMac.c:1889:16:GetMaxAppPayloadWithoutFOptsLength	32	static
C:/Users/user1/Downloads/i-cube_lrwan/STM32CubeExpansion_LRWAN_V2.1.0/Middlewares/Third_Party/LoRaWAN/Mac/LoRaMac.c:1910:13:ValidatePayloadLength	32	static
C:/Users/user1/Downloads/i-cube_lrwan/STM32CubeExpansion_LRWAN_V2.1.0/Middlewares/Third_Party/LoRaWAN/Mac/LoRaMac.c:1928:13:SetMlmeScheduleUplinkIndication	8	static
C:/Users/user1/Downloads/i-cube_lrwan/STM32CubeExpansion_LRWAN_V2.1.0/Middlewares/Third_Party/LoRaWAN/Mac/LoRaMac.c:1933:13:ProcessMacCommands	168	static
C:/Users/user1/Downloads/i-cube_lrwan/STM32CubeExpansion_LRWAN_V2.1.0/Middlewares/Third_Party/LoRaWAN/Mac/LoRaMac.c:2263:24:Send	80	static
C:/Users/user1/Downloads/i-cube_lrwan/STM32CubeExpansion_LRWAN_V2.1.0/Middlewares/Third_Party/LoRaWAN/Mac/LoRaMac.c:2349:24:SendReJoinReq	32	static
C:/Users/user1/Downloads/i-cube_lrwan/STM32CubeExpansion_LRWAN_V2.1.0/Middlewares/Third_Party/LoRaWAN/Mac/LoRaMac.c:2387:24:CheckForClassBCollision	8	static
C:/Users/user1/Downloads/i-cube_lrwan/STM32CubeExpansion_LRWAN_V2.1.0/Middlewares/Third_Party/LoRaWAN/Mac/LoRaMac.c:2408:13:ComputeRxWindowParameters	24	static
C:/Users/user1/Downloads/i-cube_lrwan/STM32CubeExpansion_LRWAN_V2.1.0/Middlewares/Third_Party/LoRaWAN/Mac/LoRaMac.c:2437:24:VerifyTxFrame	16	static
C:/Users/user1/Downloads/i-cube_lrwan/STM32CubeExpansion_LRWAN_V2.1.0/Middlewares/Third_Party/LoRaWAN/Mac/LoRaMac.c:2456:24:SerializeTxFrame	24	static
C:/Users/user1/Downloads/i-cube_lrwan/STM32CubeExpansion_LRWAN_V2.1.0/Middlewares/Third_Party/LoRaWAN/Mac/LoRaMac.c:2486:24:ScheduleTx	88	static
C:/Users/user1/Downloads/i-cube_lrwan/STM32CubeExpansion_LRWAN_V2.1.0/Middlewares/Third_Party/LoRaWAN/Mac/LoRaMac.c:2562:24:SecureFrame	40	static
C:/Users/user1/Downloads/i-cube_lrwan/STM32CubeExpansion_LRWAN_V2.1.0/Middlewares/Third_Party/LoRaWAN/Mac/LoRaMac.c:2604:13:CalculateBackOff	8	static
C:/Users/user1/Downloads/i-cube_lrwan/STM32CubeExpansion_LRWAN_V2.1.0/Middlewares/Third_Party/LoRaWAN/Mac/LoRaMac.c:2616:13:RemoveMacCommands	16	static
C:/Users/user1/Downloads/i-cube_lrwan/STM32CubeExpansion_LRWAN_V2.1.0/Middlewares/Third_Party/LoRaWAN/Mac/LoRaMac.c:2637:13:ResetMacParameters	72	static
C:/Users/user1/Downloads/i-cube_lrwan/STM32CubeExpansion_LRWAN_V2.1.0/Middlewares/Third_Party/LoRaWAN/Mac/LoRaMac.c:2721:13:RxWindowSetup	16	static
C:/Users/user1/Downloads/i-cube_lrwan/STM32CubeExpansion_LRWAN_V2.1.0/Middlewares/Third_Party/LoRaWAN/Mac/LoRaMac.c:2735:13:OpenContinuousRxCWindow	24	static
C:/Users/user1/Downloads/i-cube_lrwan/STM32CubeExpansion_LRWAN_V2.1.0/Middlewares/Third_Party/LoRaWAN/Mac/LoRaMac.c:2757:24:PrepareFrame	48	static
C:/Users/user1/Downloads/i-cube_lrwan/STM32CubeExpansion_LRWAN_V2.1.0/Middlewares/Third_Party/LoRaWAN/Mac/LoRaMac.c:2862:24:SendFrameOnChannel	56	static
C:/Users/user1/Downloads/i-cube_lrwan/STM32CubeExpansion_LRWAN_V2.1.0/Middlewares/Third_Party/LoRaWAN/Mac/LoRaMac.c:2925:24:SetTxContinuousWave	32	static
C:/Users/user1/Downloads/i-cube_lrwan/STM32CubeExpansion_LRWAN_V2.1.0/Middlewares/Third_Party/LoRaWAN/Mac/LoRaMac.c:2943:24:SetTxContinuousWave1	16	static
C:/Users/user1/Downloads/i-cube_lrwan/STM32CubeExpansion_LRWAN_V2.1.0/Middlewares/Third_Party/LoRaWAN/Mac/LoRaMac.c:2952:19:GetNvmData	8	static
C:/Users/user1/Downloads/i-cube_lrwan/STM32CubeExpansion_LRWAN_V2.1.0/Middlewares/Third_Party/LoRaWAN/Mac/LoRaMac.c:2957:17:RestoreNvmData	24	static
C:/Users/user1/Downloads/i-cube_lrwan/STM32CubeExpansion_LRWAN_V2.1.0/Middlewares/Third_Party/LoRaWAN/Mac/LoRaMac.c:3034:24:DetermineFrameType	16	static
C:/Users/user1/Downloads/i-cube_lrwan/STM32CubeExpansion_LRWAN_V2.1.0/Middlewares/Third_Party/LoRaWAN/Mac/LoRaMac.c:3086:13:CheckRetransUnconfirmedUplink	8	static
C:/Users/user1/Downloads/i-cube_lrwan/STM32CubeExpansion_LRWAN_V2.1.0/Middlewares/Third_Party/LoRaWAN/Mac/LoRaMac.c:3112:13:CheckRetransConfirmedUplink	8	static
C:/Users/user1/Downloads/i-cube_lrwan/STM32CubeExpansion_LRWAN_V2.1.0/Middlewares/Third_Party/LoRaWAN/Mac/LoRaMac.c:3130:13:StopRetransmission	8	static
C:/Users/user1/Downloads/i-cube_lrwan/STM32CubeExpansion_LRWAN_V2.1.0/Middlewares/Third_Party/LoRaWAN/Mac/LoRaMac.c:3151:13:CallNvmDataChangeCallback	16	static
C:/Users/user1/Downloads/i-cube_lrwan/STM32CubeExpansion_LRWAN_V2.1.0/Middlewares/Third_Party/LoRaWAN/Mac/LoRaMac.c:3160:13:AckTimeoutRetriesProcess	24	static
C:/Users/user1/Downloads/i-cube_lrwan/STM32CubeExpansion_LRWAN_V2.1.0/Middlewares/Third_Party/LoRaWAN/Mac/LoRaMac.c:3179:13:AckTimeoutRetriesFinalize	24	static
C:/Users/user1/Downloads/i-cube_lrwan/STM32CubeExpansion_LRWAN_V2.1.0/Middlewares/Third_Party/LoRaWAN/Mac/LoRaMac.c:3195:16:IsRequestPending	8	static
C:/Users/user1/Downloads/i-cube_lrwan/STM32CubeExpansion_LRWAN_V2.1.0/Middlewares/Third_Party/LoRaWAN/Mac/LoRaMac.c:3206:17:LoRaMacInitialization	72	static
C:/Users/user1/Downloads/i-cube_lrwan/STM32CubeExpansion_LRWAN_V2.1.0/Middlewares/Third_Party/LoRaWAN/Mac/LoRaMac.c:3403:17:LoRaMacStart	8	static
C:/Users/user1/Downloads/i-cube_lrwan/STM32CubeExpansion_LRWAN_V2.1.0/Middlewares/Third_Party/LoRaWAN/Mac/LoRaMac.c:3409:17:LoRaMacStop	8	static
C:/Users/user1/Downloads/i-cube_lrwan/STM32CubeExpansion_LRWAN_V2.1.0/Middlewares/Third_Party/LoRaWAN/Mac/LoRaMac.c:3423:17:LoRaMacQueryTxPossible	56	static
C:/Users/user1/Downloads/i-cube_lrwan/STM32CubeExpansion_LRWAN_V2.1.0/Middlewares/Third_Party/LoRaWAN/Mac/LoRaMac.c:3481:17:LoRaMacMibGetRequestConfirm	40	static
C:/Users/user1/Downloads/i-cube_lrwan/STM32CubeExpansion_LRWAN_V2.1.0/Middlewares/Third_Party/LoRaWAN/Mac/LoRaMac.c:3675:17:LoRaMacMibSetRequestConfirm	40	static
C:/Users/user1/Downloads/i-cube_lrwan/STM32CubeExpansion_LRWAN_V2.1.0/Middlewares/Third_Party/LoRaWAN/Mac/LoRaMac.c:4352:17:LoRaMacChannelAdd	40	static
C:/Users/user1/Downloads/i-cube_lrwan/STM32CubeExpansion_LRWAN_V2.1.0/Middlewares/Third_Party/LoRaWAN/Mac/LoRaMac.c:4370:17:LoRaMacChannelRemove	24	static
C:/Users/user1/Downloads/i-cube_lrwan/STM32CubeExpansion_LRWAN_V2.1.0/Middlewares/Third_Party/LoRaWAN/Mac/LoRaMac.c:4391:17:LoRaMacMcChannelSetup	40	static
C:/Users/user1/Downloads/i-cube_lrwan/STM32CubeExpansion_LRWAN_V2.1.0/Middlewares/Third_Party/LoRaWAN/Mac/LoRaMac.c:4486:17:LoRaMacMcChannelDelete	56	static
C:/Users/user1/Downloads/i-cube_lrwan/STM32CubeExpansion_LRWAN_V2.1.0/Middlewares/Third_Party/LoRaWAN/Mac/LoRaMac.c:4508:9:LoRaMacMcChannelGetGroupId	32	static
C:/Users/user1/Downloads/i-cube_lrwan/STM32CubeExpansion_LRWAN_V2.1.0/Middlewares/Third_Party/LoRaWAN/Mac/LoRaMac.c:4520:17:LoRaMacMcChannelSetupRxParams	40	static
C:/Users/user1/Downloads/i-cube_lrwan/STM32CubeExpansion_LRWAN_V2.1.0/Middlewares/Third_Party/LoRaWAN/Mac/LoRaMac.c:4581:17:LoRaMacMlmeRequest	40	static
C:/Users/user1/Downloads/i-cube_lrwan/STM32CubeExpansion_LRWAN_V2.1.0/Middlewares/Third_Party/LoRaWAN/Mac/LoRaMac.c:4735:17:LoRaMacMcpsRequest	72	static
C:/Users/user1/Downloads/i-cube_lrwan/STM32CubeExpansion_LRWAN_V2.1.0/Middlewares/Third_Party/LoRaWAN/Mac/LoRaMac.c:4851:6:LoRaMacTestSetDutyCycleOn	24	static
C:/Users/user1/Downloads/i-cube_lrwan/STM32CubeExpansion_LRWAN_V2.1.0/Middlewares/Third_Party/LoRaWAN/Mac/LoRaMac.c:4863:17:LoRaMacDeInitialization	8	static
