../Drivers/CMSIS/Include/core_cm0plus.h:741:22:__NVIC_EnableIRQ	16	static
../Drivers/CMSIS/Include/core_cm0plus.h:777:22:__NVIC_DisableIRQ	16	static,ignoring_inline_asm
../Drivers/CMSIS/Include/core_cm0plus.h:796:26:__NVIC_GetPendingIRQ	16	static
../Drivers/CMSIS/Include/core_cm0plus.h:815:22:__NVIC_SetPendingIRQ	16	static
../Drivers/CMSIS/Include/core_cm0plus.h:830:22:__NVIC_ClearPendingIRQ	16	static
../Drivers/CMSIS/Include/core_cm0plus.h:848:22:__NVIC_SetPriority	24	static
../Drivers/CMSIS/Include/core_cm0plus.h:872:26:__NVIC_GetPriority	16	static
../Drivers/CMSIS/Include/core_cm0plus.h:983:34:__NVIC_SystemReset	8	static,ignoring_inline_asm
../Drivers/CMSIS/Include/core_cm0plus.h:1054:26:SysTick_Config	16	static
../Drivers/STM32L0xx_HAL_Driver/Src/stm32l0xx_hal_cortex.c:131:6:HAL_NVIC_SetPriority	24	static
../Drivers/STM32L0xx_HAL_Driver/Src/stm32l0xx_hal_cortex.c:151:6:HAL_NVIC_EnableIRQ	16	static
../Drivers/STM32L0xx_HAL_Driver/Src/stm32l0xx_hal_cortex.c:167:6:HAL_NVIC_DisableIRQ	16	static
../Drivers/STM32L0xx_HAL_Driver/Src/stm32l0xx_hal_cortex.c:180:6:HAL_NVIC_SystemReset	8	static
../Drivers/STM32L0xx_HAL_Driver/Src/stm32l0xx_hal_cortex.c:193:10:HAL_SYSTICK_Config	16	static
../Drivers/STM32L0xx_HAL_Driver/Src/stm32l0xx_hal_cortex.c:225:10:HAL_NVIC_GetPriority	16	static
../Drivers/STM32L0xx_HAL_Driver/Src/stm32l0xx_hal_cortex.c:238:6:HAL_NVIC_SetPendingIRQ	16	static
../Drivers/STM32L0xx_HAL_Driver/Src/stm32l0xx_hal_cortex.c:253:10:HAL_NVIC_GetPendingIRQ	16	static
../Drivers/STM32L0xx_HAL_Driver/Src/stm32l0xx_hal_cortex.c:266:6:HAL_NVIC_ClearPendingIRQ	16	static
../Drivers/STM32L0xx_HAL_Driver/Src/stm32l0xx_hal_cortex.c:281:6:HAL_SYSTICK_CLKSourceConfig	16	static
../Drivers/STM32L0xx_HAL_Driver/Src/stm32l0xx_hal_cortex.c:299:6:HAL_SYSTICK_IRQHandler	8	static
../Drivers/STM32L0xx_HAL_Driver/Src/stm32l0xx_hal_cortex.c:308:13:HAL_SYSTICK_Callback	8	static
../Drivers/STM32L0xx_HAL_Driver/Src/stm32l0xx_hal_cortex.c:320:6:HAL_MPU_Disable	8	static,ignoring_inline_asm
../Drivers/STM32L0xx_HAL_Driver/Src/stm32l0xx_hal_cortex.c:341:6:HAL_MPU_Enable	16	static,ignoring_inline_asm
../Drivers/STM32L0xx_HAL_Driver/Src/stm32l0xx_hal_cortex.c:356:6:HAL_MPU_EnableRegion	16	static
../Drivers/STM32L0xx_HAL_Driver/Src/stm32l0xx_hal_cortex.c:372:6:HAL_MPU_DisableRegion	16	static
../Drivers/STM32L0xx_HAL_Driver/Src/stm32l0xx_hal_cortex.c:390:6:HAL_MPU_ConfigRegion	16	static
