../Drivers/STM32L0xx_HAL_Driver/Inc/stm32l0xx_ll_rtc.h:1323:26:LL_RTC_TIME_GetSubSecond	16	static
../Core/Src/rtc_if.c:214:21:RTC_IF_Init	48	static
../Core/Src/rtc_if.c:247:21:RTC_IF_StartTimer	24	static
../Core/Src/rtc_if.c:269:21:RTC_IF_StopTimer	8	static
../Core/Src/rtc_if.c:278:10:RTC_IF_SetTimerContext	8	static
../Core/Src/rtc_if.c:287:10:RTC_IF_GetTimerContext	8	static
../Core/Src/rtc_if.c:294:10:RTC_IF_GetTimerElapsedTime	40	static
../Core/Src/rtc_if.c:304:10:RTC_IF_GetTimerValue	40	static
../Core/Src/rtc_if.c:317:10:RTC_IF_GetMinimumTimeout	8	static
../Core/Src/rtc_if.c:322:10:RTC_IF_Convert_ms2Tick	24	static
../Core/Src/rtc_if.c:327:10:RTC_IF_Convert_Tick2ms	56	static
../Core/Src/rtc_if.c:332:6:RTC_IF_DelayMs	24	static,ignoring_inline_asm
../Core/Src/rtc_if.c:352:6:HAL_RTC_AlarmAEventCallback	16	static
../Core/Src/rtc_if.c:357:10:RTC_IF_GetTime	64	static
../Core/Src/rtc_if.c:374:6:RTC_IF_BkUp_Write_Seconds	16	static
../Core/Src/rtc_if.c:379:6:RTC_IF_BkUp_Write_SubSeconds	16	static
../Core/Src/rtc_if.c:384:10:RTC_IF_BkUp_Read_Seconds	8	static
../Core/Src/rtc_if.c:389:10:RTC_IF_BkUp_Read_SubSeconds	8	static
../Core/Src/rtc_if.c:406:13:RTC_StartWakeUpAlarm	72	static
../Core/Src/rtc_if.c:515:17:RTC_GetCalendarValue	32	static
