../Core/Src/sys_app.c:95:6:SystemApp_Init	8	static
../Core/Src/sys_app.c:149:6:UTIL_SEQ_Idle	8	static
../Core/Src/sys_app.c:160:9:GetBatteryLevel	32	static
../Core/Src/sys_app.c:194:10:GetTemperatureLevel	16	static
../Core/Src/sys_app.c:205:6:GetUniqueId	32	static
../Core/Src/sys_app.c:227:10:GetDevAddr	16	static
../Core/Src/sys_app.c:238:13:TimestampNow	40	static
../Core/Src/sys_app.c:251:13:Gpio_PreInit	56	static
../Core/Src/sys_app.c:291:6:UTIL_ADV_TRACE_PreSendHook	8	static
../Core/Src/sys_app.c:302:6:UTIL_ADV_TRACE_PostSendHook	8	static
../Core/Src/sys_app.c:313:13:tiny_snprintf_like	24	static
../Core/Src/sys_app.c:336:19:HAL_InitTick	16	static
../Core/Src/sys_app.c:351:10:HAL_GetTick	8	static
../Core/Src/sys_app.c:365:6:HAL_Delay	16	static
