../Middlewares/LoRaWAN/LmHandler/Packages/FragDecoder.c:208:6:FragDecoderInit	32	static
../Middlewares/LoRaWAN/LmHandler/Packages/FragDecoder.c:244:10:FragDecoderGetMaxFileSize	8	static
../Middlewares/LoRaWAN/LmHandler/Packages/FragDecoder.c:249:9:FragDecoderProcess	320	static
../Middlewares/LoRaWAN/LmHandler/Packages/FragDecoder.c:409:21:FragDecoderGetStatus	16	static
../Middlewares/LoRaWAN/LmHandler/Packages/FragDecoder.c:420:13:SetRow	16	static
../Middlewares/LoRaWAN/LmHandler/Packages/FragDecoder.c:428:13:GetRow	16	static
../Middlewares/LoRaWAN/LmHandler/Packages/FragDecoder.c:436:16:GetParity	24	static
../Middlewares/LoRaWAN/LmHandler/Packages/FragDecoder.c:444:13:SetParity	24	static
../Middlewares/LoRaWAN/LmHandler/Packages/FragDecoder.c:451:13:IsPowerOfTwo	24	static
../Middlewares/LoRaWAN/LmHandler/Packages/FragDecoder.c:466:13:XorDataLine	32	static
../Middlewares/LoRaWAN/LmHandler/Packages/FragDecoder.c:474:13:XorParityLine	40	static
../Middlewares/LoRaWAN/LmHandler/Packages/FragDecoder.c:482:16:FragPrbs23	24	static
../Middlewares/LoRaWAN/LmHandler/Packages/FragDecoder.c:489:13:FragGetParityMatrixRow	48	static
../Middlewares/LoRaWAN/LmHandler/Packages/FragDecoder.c:528:17:BitArrayFindFirstOne	32	static
../Middlewares/LoRaWAN/LmHandler/Packages/FragDecoder.c:540:16:BitArrayIsAllZeros	24	static
../Middlewares/LoRaWAN/LmHandler/Packages/FragDecoder.c:558:13:FragFindMissingFrags	24	static
../Middlewares/LoRaWAN/LmHandler/Packages/FragDecoder.c:586:17:FragFindMissingIndex	24	static
../Middlewares/LoRaWAN/LmHandler/Packages/FragDecoder.c:605:13:FragExtractLineFromBinaryMatrix	40	static
../Middlewares/LoRaWAN/LmHandler/Packages/FragDecoder.c:644:13:FragPushLineToBinaryMatrix	32	static
