../Drivers/CMSIS/Include/core_cm0plus.h:983:34:__NVIC_SystemReset	8	static,ignoring_inline_asm
../Middlewares/LoRaWAN/LmHandler/Packages/LmhpFirmwareManagement.c:144:15:LmhpFirmwareManagementPackageFactory	8	static
../Middlewares/LoRaWAN/LmHandler/Packages/LmhpFirmwareManagement.c:150:13:LmhpFirmwareManagementInit	32	static
../Middlewares/LoRaWAN/LmHandler/Packages/LmhpFirmwareManagement.c:167:13:LmhpFirmwareManagementIsInitialized	8	static
../Middlewares/LoRaWAN/LmHandler/Packages/LmhpFirmwareManagement.c:172:13:LmhpFirmwareManagementIsRunning	8	static
../Middlewares/LoRaWAN/LmHandler/Packages/LmhpFirmwareManagement.c:182:13:LmhpFirmwareManagementProcess	8	static
../Middlewares/LoRaWAN/LmHandler/Packages/LmhpFirmwareManagement.c:187:13:LmhpFirmwareManagementOnMcpsIndication	80	static
../Middlewares/LoRaWAN/LmHandler/Packages/LmhpFirmwareManagement.c:350:13:OnRebootTimer	16	static
