../Middlewares/LoRaWAN/LmHandler/Packages/LmhpClockSync.c:166:15:LmhpClockSyncPackageFactory	8	static
../Middlewares/LoRaWAN/LmHandler/Packages/LmhpClockSync.c:171:13:LmhpClockSyncInit	32	static
../Middlewares/LoRaWAN/LmHandler/Packages/LmhpClockSync.c:188:13:LmhpClockSyncIsInitialized	8	static
../Middlewares/LoRaWAN/LmHandler/Packages/LmhpClockSync.c:193:13:LmhpClockSyncIsRunning	8	static
../Middlewares/LoRaWAN/LmHandler/Packages/LmhpClockSync.c:203:13:LmhpClockSyncProcess	8	static
../Middlewares/LoRaWAN/LmHandler/Packages/LmhpClockSync.c:214:13:LmhpClockSyncOnMcpsConfirm	64	static
../Middlewares/LoRaWAN/LmHandler/Packages/LmhpClockSync.c:239:13:LmhpClockSyncOnMcpsIndication	72	static
../Middlewares/LoRaWAN/LmHandler/Packages/LmhpClockSync.c:349:24:LmhpClockSyncAppTimeReq	88	static
../Middlewares/LoRaWAN/LmHandler/Packages/LmhpClockSync.c:421:13:OnPeriodicTimeStartTimer	16	static
