C:/Users/user1/Downloads/i-cube_lrwan/STM32CubeExpansion_LRWAN_V2.1.0/Middlewares/Third_Party/LoRaWAN/Crypto/soft-se.c:129:13:PrintKey	136	static
C:/Users/user1/Downloads/i-cube_lrwan/STM32CubeExpansion_LRWAN_V2.1.0/Middlewares/Third_Party/LoRaWAN/Crypto/soft-se.c:186:30:GetKeyByID	24	static
C:/Users/user1/Downloads/i-cube_lrwan/STM32CubeExpansion_LRWAN_V2.1.0/Middlewares/Third_Party/LoRaWAN/Crypto/soft-se.c:376:30:ComputeCmac	344	static
C:/Users/user1/Downloads/i-cube_lrwan/STM32CubeExpansion_LRWAN_V2.1.0/Middlewares/Third_Party/LoRaWAN/Crypto/soft-se.c:486:23:SecureElementInit	216	static
C:/Users/user1/Downloads/i-cube_lrwan/STM32CubeExpansion_LRWAN_V2.1.0/Middlewares/Third_Party/LoRaWAN/Crypto/soft-se.c:600:23:SecureElementGetKeyByID	24	static
C:/Users/user1/Downloads/i-cube_lrwan/STM32CubeExpansion_LRWAN_V2.1.0/Middlewares/Third_Party/LoRaWAN/Crypto/soft-se.c:663:23:SecureElementDeleteDynamicKeys	16	static
C:/Users/user1/Downloads/i-cube_lrwan/STM32CubeExpansion_LRWAN_V2.1.0/Middlewares/Third_Party/LoRaWAN/Crypto/soft-se.c:727:23:SecureElementSetObjHandler	16	static
C:/Users/user1/Downloads/i-cube_lrwan/STM32CubeExpansion_LRWAN_V2.1.0/Middlewares/Third_Party/LoRaWAN/Crypto/soft-se.c:745:23:SecureElementSetKey	56	static
C:/Users/user1/Downloads/i-cube_lrwan/STM32CubeExpansion_LRWAN_V2.1.0/Middlewares/Third_Party/LoRaWAN/Crypto/soft-se.c:875:23:SecureElementComputeAesCmac	40	static
C:/Users/user1/Downloads/i-cube_lrwan/STM32CubeExpansion_LRWAN_V2.1.0/Middlewares/Third_Party/LoRaWAN/Crypto/soft-se.c:887:23:SecureElementVerifyAesCmac	48	static
C:/Users/user1/Downloads/i-cube_lrwan/STM32CubeExpansion_LRWAN_V2.1.0/Middlewares/Third_Party/LoRaWAN/Crypto/soft-se.c:956:23:SecureElementAesEncrypt	280	static
C:/Users/user1/Downloads/i-cube_lrwan/STM32CubeExpansion_LRWAN_V2.1.0/Middlewares/Third_Party/LoRaWAN/Crypto/soft-se.c:1045:23:SecureElementDeriveAndStoreKey	56	static
C:/Users/user1/Downloads/i-cube_lrwan/STM32CubeExpansion_LRWAN_V2.1.0/Middlewares/Third_Party/LoRaWAN/Crypto/soft-se.c:1137:23:SecureElementProcessJoinAccept	40	static
C:/Users/user1/Downloads/i-cube_lrwan/STM32CubeExpansion_LRWAN_V2.1.0/Middlewares/Third_Party/LoRaWAN/Crypto/soft-se.c:1238:23:SecureElementRandomNumber	16	static
C:/Users/user1/Downloads/i-cube_lrwan/STM32CubeExpansion_LRWAN_V2.1.0/Middlewares/Third_Party/LoRaWAN/Crypto/soft-se.c:1248:23:SecureElementSetDevEui	16	static
C:/Users/user1/Downloads/i-cube_lrwan/STM32CubeExpansion_LRWAN_V2.1.0/Middlewares/Third_Party/LoRaWAN/Crypto/soft-se.c:1258:10:SecureElementGetDevEui	8	static
C:/Users/user1/Downloads/i-cube_lrwan/STM32CubeExpansion_LRWAN_V2.1.0/Middlewares/Third_Party/LoRaWAN/Crypto/soft-se.c:1263:23:SecureElementSetJoinEui	16	static
C:/Users/user1/Downloads/i-cube_lrwan/STM32CubeExpansion_LRWAN_V2.1.0/Middlewares/Third_Party/LoRaWAN/Crypto/soft-se.c:1273:10:SecureElementGetJoinEui	8	static
