../LoRaWAN/Target/b_l072z_lrwan1_bus.c:81:9:BSP_SPI1_Init	16	static
../LoRaWAN/Target/b_l072z_lrwan1_bus.c:116:9:BSP_SPI1_DeInit	16	static
../LoRaWAN/Target/b_l072z_lrwan1_bus.c:138:9:BSP_SPI1_Send	32	static
../LoRaWAN/Target/b_l072z_lrwan1_bus.c:155:10:BSP_SPI1_Recv	32	static
../LoRaWAN/Target/b_l072z_lrwan1_bus.c:172:9:BSP_SPI1_SendRecv	48	static
../LoRaWAN/Target/b_l072z_lrwan1_bus.c:241:9:BSP_GetTick	8	static
../LoRaWAN/Target/b_l072z_lrwan1_bus.c:248:26:MX_SPI1_Init	32	static
../LoRaWAN/Target/b_l072z_lrwan1_bus.c:272:13:SPI1_MspInit	48	static
../LoRaWAN/Target/b_l072z_lrwan1_bus.c:304:13:SPI1_MspDeInit	16	static
../LoRaWAN/Target/b_l072z_lrwan1_bus.c:326:17:SPI_GetPrescaler	32	static
../LoRaWAN/Target/b_l072z_lrwan1_bus.c:426:9:BSP_I2C1_Init	16	static
../LoRaWAN/Target/b_l072z_lrwan1_bus.c:474:9:BSP_I2C1_DeInit	16	static
../LoRaWAN/Target/b_l072z_lrwan1_bus.c:502:9:BSP_I2C1_IsReady	32	static
../LoRaWAN/Target/b_l072z_lrwan1_bus.c:523:9:BSP_I2C1_WriteReg	56	static
../LoRaWAN/Target/b_l072z_lrwan1_bus.c:549:10:BSP_I2C1_ReadReg	56	static
../LoRaWAN/Target/b_l072z_lrwan1_bus.c:577:9:BSP_I2C1_WriteReg16	56	static
../LoRaWAN/Target/b_l072z_lrwan1_bus.c:602:10:BSP_I2C1_ReadReg16	56	static
../LoRaWAN/Target/b_l072z_lrwan1_bus.c:627:9:BSP_I2C1_Send	40	static
../LoRaWAN/Target/b_l072z_lrwan1_bus.c:653:9:BSP_I2C1_Recv	40	static
../LoRaWAN/Target/b_l072z_lrwan1_bus.c:727:26:MX_I2C1_Init	32	static
../LoRaWAN/Target/b_l072z_lrwan1_bus.c:757:13:I2C1_MspInit	48	static
../LoRaWAN/Target/b_l072z_lrwan1_bus.c:790:13:I2C1_MspDeInit	16	static
