16:58:26 **** Incremental Build of configuration Debug for project Embedded ****
make -j16 all 
arm-none-eabi-gcc "../Core/Src/main.c" -mcpu=cortex-m0plus -std=gnu11 -g3 -DDEBUG -DUSE_HAL_DRIVER -DSTM32L082xx -c -I../Core/Inc -I../Drivers/STM32L0xx_HAL_Driver/Inc -I../Drivers/STM32L0xx_HAL_Driver/Inc/Legacy -I../Drivers/CMSIS/Device/ST/STM32L0xx/Include -I../Drivers/CMSIS/Include -O0 -ffunction-sections -fdata-sections -Wall -fstack-usage -fcyclomatic-complexity -MMD -MP -MF"Core/Src/main.d" -MT"Core/Src/main.o" --specs=nano.specs -mfloat-abi=soft -mthumb -o "Core/Src/main.o"
../Core/Src/main.c: In function 'main':
../Core/Src/main.c:167:19: warning: implicit declaration of function 'snprintf' [-Wimplicit-function-declaration]
  167 |         int len = snprintf(msg, sizeof(msg), "sin=%u cos=%u\r\n", adc_values[0], adc_values[1]);
      |                   ^~~~~~~~
../Core/Src/main.c:27:1: note: include '<stdio.h>' or provide a declaration of 'snprintf'
   26 | #include <string.h>
  +++ |+#include <stdio.h>
   27 | 
../Core/Src/main.c:167:19: warning: incompatible implicit declaration of built-in function 'snprintf' [-Wbuiltin-declaration-mismatch]
  167 |         int len = snprintf(msg, sizeof(msg), "sin=%u cos=%u\r\n", adc_values[0], adc_values[1]);
      |                   ^~~~~~~~
../Core/Src/main.c:167:19: note: include '<stdio.h>' or provide a declaration of 'snprintf'
../Core/Src/main.c:167:13: warning: unused variable 'len' [-Wunused-variable]
  167 |         int len = snprintf(msg, sizeof(msg), "sin=%u cos=%u\r\n", adc_values[0], adc_values[1]);
      |             ^~~
../Core/Src/main.c:91:11: warning: unused variable 'angle_buffer_string' [-Wunused-variable]
   91 |   uint8_t angle_buffer_string[20] = "Percent";
      |           ^~~~~~~~~~~~~~~~~~~
../Core/Src/main.c:90:7: warning: unused variable 'angle_change_thresh_percent' [-Wunused-variable]
   90 |   int angle_change_thresh_percent = 15;
      |       ^~~~~~~~~~~~~~~~~~~~~~~~~~~
../Core/Src/main.c:89:9: warning: unused variable 'last_sensor_angle' [-Wunused-variable]
   89 |   float last_sensor_angle = 0;
      |         ^~~~~~~~~~~~~~~~~
../Core/Src/main.c: In function 'HAL_GPIO_EXTI_Callback':
../Core/Src/main.c:362:44: warning: pointer targets in passing argument 2 of 'HAL_UART_Transmit' differ in signedness [-Wpointer-sign]
  362 |                 HAL_UART_Transmit(&huart1, "Exiting Standby...\n\r", 23, 10);
      |                                            ^~~~~~~~~~~~~~~~~~~~~~~~
      |                                            |
      |                                            char *
In file included from ../Core/Inc/stm32l0xx_hal_conf.h:281,
                 from ../Drivers/STM32L0xx_HAL_Driver/Inc/stm32l0xx_hal.h:29,
                 from ../Core/Inc/main.h:30,
                 from ../Core/Src/main.c:20:
../Drivers/STM32L0xx_HAL_Driver/Inc/stm32l0xx_hal_uart.h:1508:79: note: expected 'const uint8_t *' {aka 'const unsigned char *'} but argument is of type 'char *'
 1508 | HAL_StatusTypeDef HAL_UART_Transmit(UART_HandleTypeDef *huart, const uint8_t *pData, uint16_t Size, uint32_t Timeout);
      |                                                                ~~~~~~~~~~~~~~~^~~~~
../Core/Src/main.c: At top level:
../Core/Src/main.c:37:13: warning: 'uart_print' declared 'static' but never defined [-Wunused-function]
   37 | static void uart_print(const char * s);
      |             ^~~~~~~~~~
arm-none-eabi-gcc -o "Embedded.elf" @"objects.list"   -mcpu=cortex-m0plus -T"C:\Users\Benho\Projects\TAMUCapstone-Group6-2026\Embedded\STM32L082CZYX_FLASH.ld" --specs=nosys.specs -Wl,-Map="Embedded.map" -Wl,--gc-sections -static --specs=nano.specs -mfloat-abi=soft -mthumb -u _printf_float -Wl,--start-group -lc -lm -Wl,--end-group
Finished building target: Embedded.elf
 
arm-none-eabi-size  Embedded.elf 
arm-none-eabi-objdump -h -S Embedded.elf  > "Embedded.list"
   text	   data	    bss	    dec	    hex	filename
  34776	    468	   2148	  37392	   9210	Embedded.elf
Finished building: default.size.stdout
 
Finished building: Embedded.list
 

16:58:30 Build Finished. 0 errors, 8 warnings. (took 3s.486ms)

